// Jest Snapshot v1, https://goo.gl/fbAQLP

exports[`UIAtoms mount rendering should render atoms with noscript tag - disabled by $Settings, overriden by props:  Iframe without noscript tag 1`] = `
"<div class=\\"atm-iframe atm-overflow atm-placeholder\\" style=\\"width: auto; height: auto;\\"><noscript class=\\"atm-fill\\" style=\\"display: block; width: auto; height: auto;\\"><iframe
                  src=\\"example.html\\"
                  
                  width=\\"auto\\"
                  height=\\"auto\\"
                  
                  scrolling=\\"no\\"
                  frameborder=\\"0\\"
                                  
                  allowfullscreen=\\"0\\"
                  
                  
                  class=\\"atm-fill atm-loaded\\"
                  ></iframe></noscript></div>"
`;

exports[`UIAtoms mount rendering should render atoms with noscript tag - disabled by $Settings, overriden by props:  Image without noscript tag 1`] = `
"<div class=\\"atm-image atm-overflow atm-placeholder\\" style=\\"width: auto; height: auto;\\"><noscript><img
                  src=\\"example.jpg\\"
                  srcset=\\"\\"
                  sizes=\\"\\"
                  alt=\\"\\"
                  class=\\"atm-fill atm-loaded\\"
                  /></noscript></div>"
`;

exports[`UIAtoms mount rendering should render atoms with noscript tag - disabled by $Settings, overriden by props:  Video without noscript tag 1`] = `
"<div class=\\"atm-video atm-overflow atm-placeholder\\" style=\\"width: auto; height: auto;\\"><noscript><video
								src=\\"example.mov\\"
								poster=\\"\\"
								controls
								
								
								
								class=\\"atm-fill atm-loaded\\"
								></video></noscript></div>"
`;

exports[`UIAtoms mount rendering should render atoms with noscript tag:  should render Iframe with noscript tag 1`] = `
"<div class=\\"atm-iframe atm-overflow atm-placeholder\\" style=\\"width: auto; height: auto;\\"><noscript class=\\"atm-fill\\" style=\\"display: block; width: auto; height: auto;\\"><iframe
                  src=\\"example.html\\"
                  
                  width=\\"auto\\"
                  height=\\"auto\\"
                  
                  scrolling=\\"no\\"
                  frameborder=\\"0\\"
                                  
                  allowfullscreen=\\"0\\"
                  
                  
                  class=\\"atm-fill atm-loaded\\"
                  ></iframe></noscript></div>"
`;

exports[`UIAtoms mount rendering should render atoms with noscript tag:  should render Image with noscript tag 1`] = `
"<div class=\\"atm-image atm-overflow atm-placeholder\\" style=\\"width: auto; height: auto;\\"><noscript><img
                  src=\\"example.jpg\\"
                  srcset=\\"\\"
                  sizes=\\"\\"
                  alt=\\"\\"
                  class=\\"atm-fill atm-loaded\\"
                  /></noscript></div>"
`;

exports[`UIAtoms mount rendering should render atoms with noscript tag:  should render Video with noscript tag 1`] = `
"<div class=\\"atm-video atm-overflow atm-placeholder\\" style=\\"width: auto; height: auto;\\"><noscript><video
								src=\\"example.mov\\"
								poster=\\"\\"
								controls
								
								
								
								class=\\"atm-fill atm-loaded\\"
								></video></noscript></div>"
`;

exports[`UIAtoms mount rendering should render atoms without noscript tag - disabled by $Settings:  Iframe without noscript tag 1`] = `"<div class=\\"atm-iframe atm-overflow atm-placeholder\\" style=\\"width: auto; height: auto;\\"></div>"`;

exports[`UIAtoms mount rendering should render atoms without noscript tag - disabled by $Settings:  Image without noscript tag 1`] = `"<div class=\\"atm-image atm-overflow atm-placeholder\\" style=\\"width: auto; height: auto;\\"></div>"`;

exports[`UIAtoms mount rendering should render atoms without noscript tag - disabled by $Settings:  Video without noscript tag 1`] = `"<div class=\\"atm-video atm-overflow atm-placeholder\\" style=\\"width: auto; height: auto;\\"></div>"`;

exports[`UIAtoms mount rendering should render atoms without noscript tag - disabled by props:  Iframe without noscript tag 1`] = `"<div class=\\"atm-iframe atm-overflow atm-placeholder\\" style=\\"width: auto; height: auto;\\"></div>"`;

exports[`UIAtoms mount rendering should render atoms without noscript tag - disabled by props:  Image without noscript tag 1`] = `"<div class=\\"atm-image atm-overflow atm-placeholder\\" style=\\"width: auto; height: auto;\\"></div>"`;

exports[`UIAtoms mount rendering should render atoms without noscript tag - disabled by props:  Video without noscript tag 1`] = `"<div class=\\"atm-video atm-overflow atm-placeholder\\" style=\\"width: auto; height: auto;\\"></div>"`;

exports[`UIAtoms mount rendering should render atoms without noscript tag - enabled by $Settings, overriden by props:  Iframe without noscript tag 1`] = `"<div class=\\"atm-iframe atm-overflow atm-placeholder\\" style=\\"width: auto; height: auto;\\"></div>"`;

exports[`UIAtoms mount rendering should render atoms without noscript tag - enabled by $Settings, overriden by props:  Image without noscript tag 1`] = `"<div class=\\"atm-image atm-overflow atm-placeholder\\" style=\\"width: auto; height: auto;\\"></div>"`;

exports[`UIAtoms mount rendering should render atoms without noscript tag - enabled by $Settings, overriden by props:  Video without noscript tag 1`] = `"<div class=\\"atm-video atm-overflow atm-placeholder\\" style=\\"width: auto; height: auto;\\"></div>"`;
